// Jest Snapshot v1, https://goo.gl/fbAQLP

exports[`Utils Unit Tests should renderIcon render Ionicons icons 1`] = `<Text />`;

exports[`Utils Unit Tests should renderIcon render MaterialCommunityIcons icons 1`] = `<Text />`;

exports[`Utils Unit Tests should renderIcon render unknown icons 1`] = `
<Text
  allowFontScaling={false}
  selectable={false}
  style={
    [
      {
        "color": "black",
        "fontSize": 24,
      },
      undefined,
      {
        "fontFamily": "material-community",
        "fontStyle": "normal",
        "fontWeight": "normal",
      },
      {},
    ]
  }
>
  ó°¼‡
</Text>
`;
