// Jest Snapshot v1, https://goo.gl/fbAQLP

exports[`HeaderSafe Component Unit Tests should render correctly 1`] = `
<RCTSafeAreaView
  style={
    [
      {
        "alignContent": "center",
        "backgroundColor": "#017387",
        "flex": 1,
        "justifyContent": "center",
        "marginTop": 0,
        "padding": 4,
      },
      undefined,
    ]
  }
>
  <View
    accessibilityRole="button"
    accessibilityState={
      {
        "busy": undefined,
        "checked": undefined,
        "disabled": undefined,
        "expanded": undefined,
        "selected": undefined,
      }
    }
    accessibilityValue={
      {
        "max": undefined,
        "min": undefined,
        "now": undefined,
        "text": undefined,
      }
    }
    accessible={true}
    collapsable={false}
    focusable={false}
    onClick={[Function]}
    onResponderGrant={[Function]}
    onResponderMove={[Function]}
    onResponderRelease={[Function]}
    onResponderTerminate={[Function]}
    onResponderTerminationRequest={[Function]}
    onStartShouldSetResponder={[Function]}
    style={
      {
        "opacity": 1,
      }
    }
  >
    <View
      style={
        [
          {},
        ]
      }
    >
      <Text
        style={
          [
            {
              "color": "#007AFF",
              "fontSize": 18,
              "margin": 8,
              "textAlign": "center",
            },
          ]
        }
      >
        TestButton
      </Text>
    </View>
  </View>
</RCTSafeAreaView>
`;
