// Jest Snapshot v1, https://goo.gl/fbAQLP

exports[`InvestmentCard Component Unit Tests should render correctly 1`] = `
<View
  accessibilityState={
    {
      "busy": undefined,
      "checked": undefined,
      "disabled": undefined,
      "expanded": undefined,
      "selected": undefined,
    }
  }
  accessibilityValue={
    {
      "max": undefined,
      "min": undefined,
      "now": undefined,
      "text": undefined,
    }
  }
  accessible={true}
  collapsable={false}
  focusable={true}
  onBlur={[Function]}
  onClick={[Function]}
  onFocus={[Function]}
  onResponderGrant={[Function]}
  onResponderMove={[Function]}
  onResponderRelease={[Function]}
  onResponderTerminate={[Function]}
  onResponderTerminationRequest={[Function]}
  onStartShouldSetResponder={[Function]}
  style={
    [
      {
        "borderRadius": 4,
        "margin": 4,
        "padding": 4,
      },
      {
        "backgroundColor": "#F3CC79",
      },
    ]
  }
  testID="pressable"
>
  <Text
    testID="investmentName"
  >
    Test Fund
  </Text>
  <Text
    testID="profit"
  >
    5000 TL
  </Text>
  <Text
    testID="profitPercentage"
  >
    % 
    5
  </Text>
</View>
`;
